nohup: no se tendrá en cuenta la entrada

procesando instancia: br17.atsp
  numero de nodos: 17
  resolviendo mtz + cplex...
  resolviendo mtz + gurobi...
Set parameter Username
Set parameter LicenseID to value 2753176
Academic license - for non-commercial use only - expires 2026-12-12
  resolviendo gg + cplex...
  resolviendo gg + gurobi...

procesando instancia: ftv33.atsp
  numero de nodos: 34
  resolviendo mtz + cplex...
  resolviendo mtz + gurobi...
  resolviendo gg + cplex...
  resolviendo gg + gurobi...

procesando instancia: ftv35.atsp
  numero de nodos: 36
  resolviendo mtz + cplex...
  resolviendo mtz + gurobi...
  resolviendo gg + cplex...
  resolviendo gg + gurobi...

procesando instancia: ftv38.atsp
  numero de nodos: 39
  resolviendo mtz + cplex...
  resolviendo mtz + gurobi...
  resolviendo gg + cplex...
  resolviendo gg + gurobi...

procesando instancia: ft53.atsp
  numero de nodos: 53
  resolviendo mtz + cplex...
  resolviendo mtz + gurobi...
  resolviendo gg + cplex...
  resolviendo gg + gurobi...

procesando instancia: ft70.atsp
  numero de nodos: 70
  resolviendo mtz + cplex...
  resolviendo mtz + gurobi...
  resolviendo gg + cplex...
  resolviendo gg + gurobi...

procesando instancia: ftv70.atsp
  numero de nodos: 71
  resolviendo mtz + cplex...
  resolviendo mtz + gurobi...
  resolviendo gg + cplex...
  resolviendo gg + gurobi...

procesando instancia: kro124p.atsp
  numero de nodos: 100
  resolviendo mtz + cplex...
  resolviendo mtz + gurobi...
  resolviendo gg + cplex...
  resolviendo gg + gurobi...

procesando instancia: ftv170.atsp
  numero de nodos: 171
  resolviendo mtz + cplex...
  resolviendo mtz + gurobi...
  resolviendo gg + cplex...
  resolviendo gg + gurobi...

procesando instancia: rbg323.atsp
  numero de nodos: 323
  resolviendo mtz + cplex...
  resolviendo mtz + gurobi...
  resolviendo gg + cplex...
  resolviendo gg + gurobi...

resultados guardados en: resultados_atsp.csv

resumen de resultados:
        instance  nodes model  solver  num_vars  num_constraints        time       gap  objective
0      br17.atsp     17   mtz   cplex       289              274    0.118880  0.000000       39.0
1      br17.atsp     17   mtz  gurobi       289              274    0.428385  0.000000       39.0
2      br17.atsp     17    gg   cplex       544              323    0.452853  0.000000       39.0
3      br17.atsp     17    gg  gurobi       544              323    0.099555  0.000000       39.0
4     ftv33.atsp     34   mtz   cplex      1156             1124    0.747487  0.000000     1286.0
5     ftv33.atsp     34   mtz  gurobi      1156             1124    0.500800  0.000000     1286.0
6     ftv33.atsp     34    gg   cplex      2244             1224    0.940113  0.000000     1286.0
7     ftv33.atsp     34    gg  gurobi      2244             1224    0.243137  0.000000     1286.0
8     ftv35.atsp     36   mtz   cplex      1296             1262    0.488061  0.000000     1473.0
9     ftv35.atsp     36   mtz  gurobi      1296             1262    0.997006  0.000000     1473.0
10    ftv35.atsp     36    gg   cplex      2520             1368    0.907822  0.000000     1473.0
11    ftv35.atsp     36    gg  gurobi      2520             1368    0.564582  0.000000     1473.0
12    ftv38.atsp     39   mtz   cplex      1521             1484    0.689971  0.000000     1530.0
13    ftv38.atsp     39   mtz  gurobi      1521             1484    1.357018  0.000000     1530.0
14    ftv38.atsp     39    gg   cplex      2964             1599    1.366167  0.000000     1530.0
15    ftv38.atsp     39    gg  gurobi      2964             1599    0.829433  0.000000     1530.0
16     ft53.atsp     53   mtz   cplex      2809             2758    1.223890  0.000000     6905.0
17     ft53.atsp     53   mtz  gurobi      2809             2758    3.103537  0.000000     6905.0
18     ft53.atsp     53    gg   cplex      5512             2915    1.879912  0.000000     6905.0
19     ft53.atsp     53    gg  gurobi      5512             2915    0.739882  0.000000     6905.0
20     ft70.atsp     70   mtz   cplex      4900             4832  548.916248  0.009999    38673.0
21     ft70.atsp     70   mtz  gurobi      4900             4832  403.006418  0.007757    38673.0
22     ft70.atsp     70    gg   cplex      9660             5040    2.027691  0.007757    38673.0
23     ft70.atsp     70    gg  gurobi      9660             5040    1.112071  0.000000    38673.0
24    ftv70.atsp     71   mtz   cplex      5041             4972    7.144802  0.000000     1950.0
25    ftv70.atsp     71   mtz  gurobi      5041             4972    3.588433  0.000000     1950.0
26    ftv70.atsp     71    gg   cplex      9940             5183    6.607417  0.000000     1950.0
27    ftv70.atsp     71    gg  gurobi      9940             5183    2.906925  0.000000     1950.0
28  kro124p.atsp    100   mtz   cplex     10000             9902    6.965730  0.009007    36230.0
29  kro124p.atsp    100   mtz  gurobi     10000             9902   18.012419  0.000000    36230.0
30  kro124p.atsp    100    gg   cplex     19800            10200   35.922984  0.009427    36230.0
31  kro124p.atsp    100    gg  gurobi     19800            10200    6.699802  0.000000    36230.0
32   ftv170.atsp    171   mtz   cplex     29241            29072   27.159019  0.000000     2755.0
33   ftv170.atsp    171   mtz  gurobi     29241            29072   25.421078  0.000000     2755.0
34   ftv170.atsp    171    gg   cplex     58140            29583  254.854491  0.000000     2755.0
35   ftv170.atsp    171    gg  gurobi     58140            29583   21.719615  0.000000     2755.0
36   rbg323.atsp    323   mtz   cplex    104329           104008   63.274788  0.000000     1326.0
37   rbg323.atsp    323   mtz  gurobi    104329           104008    6.091258  0.000000     1326.0
38   rbg323.atsp    323    gg   cplex    208012           104975   41.955743  0.000000     1326.0
39   rbg323.atsp    323    gg  gurobi    208012           104975   43.373658  0.000000     1326.0
